src/app/api/auth/callback/google/route.ts(95,124): error TS2339: Property 'auth_id' does not exist on type 'never'.
src/app/api/auth/callback/google/route.ts(116,21): error TS2339: Property 'is_admin' does not exist on type 'never'.
src/app/api/auth/callback/google/route.ts(123,71): error TS2339: Property 'username' does not exist on type 'never'.
src/app/api/auth/callback/route.ts(95,124): error TS2339: Property 'auth_id' does not exist on type 'never'.
src/app/api/debug/admin-tokens/route.ts(19,22): error TS2339: Property 'auth_id' does not exist on type 'never'.
src/app/api/debug/admin-tokens/route.ts(20,27): error TS2339: Property 'google_email' does not exist on type 'never'.
src/app/api/debug/admin-tokens/route.ts(21,33): error TS2339: Property 'access_token' does not exist on type 'never'.
src/app/api/debug/admin-tokens/route.ts(22,34): error TS2339: Property 'refresh_token' does not exist on type 'never'.
src/app/api/debug/admin-tokens/route.ts(23,27): error TS2339: Property 'token_expiry' does not exist on type 'never'.
src/app/api/debug/admin-tokens/route.ts(24,25): error TS2339: Property 'token_expiry' does not exist on type 'never'.
src/app/api/debug/admin-tokens/route.ts(24,55): error TS2339: Property 'token_expiry' does not exist on type 'never'.
src/app/api/debug/admin-tokens/route.ts(25,25): error TS2339: Property 'authorized' does not exist on type 'never'.
src/app/api/debug/admin-tokens/route.ts(26,25): error TS2339: Property 'created_at' does not exist on type 'never'.
src/app/api/debug/admin-tokens/route.ts(27,25): error TS2339: Property 'updated_at' does not exist on type 'never'.
src/app/api/google-drive/auth/route.ts(75,18): error TS2339: Property 'auth_id' does not exist on type 'never'.
src/app/api/google-drive/auth/route.ts(86,24): error TS2339: Property 'auth_id' does not exist on type 'never'.
src/app/api/google-drive/callback/route-updated.ts(71,106): error TS2339: Property 'user_id' does not exist on type 'never'.
src/app/api/google-drive/callback/route-updated.ts(84,16): error TS2339: Property 'is_admin' does not exist on type 'never'.
src/app/api/google-drive/callback/route-updated.ts(84,33): error TS2339: Property 'is_banned' does not exist on type 'never'.
src/app/api/google-drive/callback/route-updated.ts(91,41): error TS2345: Argument of type 'number' is not assignable to parameter of type 'string'.
src/app/api/google-drive/callback/route.ts(95,124): error TS2339: Property 'auth_id' does not exist on type 'never'.
src/app/api/google-drive/check-access/route-updated.ts(20,48): error TS2345: Argument of type 'number' is not assignable to parameter of type 'string'.
src/app/api/google-drive/check-access/route-updated.ts(32,47): error TS2345: Argument of type 'number' is not assignable to parameter of type 'string'.
src/app/api/google-drive/check-access/route.ts(35,16): error TS2339: Property 'is_admin' does not exist on type 'never'.
src/app/api/google-drive/check-access/route.ts(59,37): error TS2339: Property 'access_token' does not exist on type 'never'.
src/app/api/google-drive/check-access/route.ts(59,64): error TS2339: Property 'authorized' does not exist on type 'never'.
src/app/api/google-drive/check-access/route.ts(63,22): error TS2339: Property 'is_admin' does not exist on type 'never'.
src/app/api/google-drive/check-access/route.ts(64,30): error TS2339: Property 'authorized' does not exist on type 'never'.
src/app/api/google-drive/create-folder/route.ts(31,26): error TS2339: Property 'is_admin' does not exist on type 'never'.
src/app/api/google-drive/create-folder/route.ts(31,50): error TS2339: Property 'authorized' does not exist on type 'never'.
src/app/api/google-drive/create-folder/route.ts(32,37): error TS2339: Property 'is_admin' does not exist on type 'never'.
src/app/api/google-drive/delete/[fileId]/route.ts(31,26): error TS2339: Property 'is_admin' does not exist on type 'never'.
src/app/api/google-drive/delete/[fileId]/route.ts(31,50): error TS2339: Property 'authorized' does not exist on type 'never'.
src/app/api/google-drive/delete/[fileId]/route.ts(32,37): error TS2339: Property 'is_admin' does not exist on type 'never'.
src/app/api/google-drive/get-upload-url/route.ts(30,26): error TS2339: Property 'is_admin' does not exist on type 'never'.
src/app/api/google-drive/get-upload-url/route.ts(30,50): error TS2339: Property 'authorized' does not exist on type 'never'.
src/app/api/google-drive/get-upload-url/route.ts(31,37): error TS2339: Property 'is_admin' does not exist on type 'never'.
src/app/api/google-drive/rename/[fileId]/route.ts(31,26): error TS2339: Property 'is_admin' does not exist on type 'never'.
src/app/api/google-drive/rename/[fileId]/route.ts(31,50): error TS2339: Property 'authorized' does not exist on type 'never'.
src/app/api/google-drive/rename/[fileId]/route.ts(32,37): error TS2339: Property 'is_admin' does not exist on type 'never'.
src/app/api/google-drive/search-folders/route.ts(31,26): error TS2339: Property 'is_admin' does not exist on type 'never'.
src/app/api/google-drive/search-folders/route.ts(31,50): error TS2339: Property 'authorized' does not exist on type 'never'.
src/app/api/google-drive/search-folders/route.ts(32,37): error TS2339: Property 'is_admin' does not exist on type 'never'.
src/app/api/google-drive/search-folders/route.ts(57,51): error TS2345: Argument of type 'number' is not assignable to parameter of type 'string'.
src/app/api/google-drive/upload/route.ts(40,26): error TS2339: Property 'is_admin' does not exist on type 'never'.
src/app/api/google-drive/upload/route.ts(40,50): error TS2339: Property 'authorized' does not exist on type 'never'.
src/app/api/google-drive/upload/route.ts(41,37): error TS2339: Property 'is_admin' does not exist on type 'never'.
src/app/api/login/route.ts(162,19): error TS2339: Property 'auth_id' does not exist on type 'never'.
src/app/api/login/route.ts(170,101): error TS2339: Property 'auth_id' does not exist on type 'never'.
src/app/profile/page.tsx(1103,61): error TS2345: Argument of type 'string | string[]' is not assignable to parameter of type 'string'.
  Type 'string[]' is not assignable to type 'string'.
src/app/survey/ar/page.tsx(39,13): error TS2304: Cannot find name 'FORM_BASE'.
src/app/survey/ar/page.tsx(244,51): error TS2304: Cannot find name 'DEMO_COUNT'.
src/app/survey/ar/page.tsx(245,48): error TS2304: Cannot find name 'DEMO_COUNT'.
src/app/survey/ar/page.tsx(245,72): error TS2304: Cannot find name 'DEMO_COUNT'.
src/app/survey/page.tsx(38,13): error TS2304: Cannot find name 'FORM_BASE'.
src/app/survey/page.tsx(247,51): error TS2304: Cannot find name 'DEMO_COUNT'.
src/app/survey/page.tsx(248,48): error TS2304: Cannot find name 'DEMO_COUNT'.
src/app/survey/page.tsx(248,72): error TS2304: Cannot find name 'DEMO_COUNT'.
src/app/Tournament/page.tsx(741,21): error TS2345: Argument of type 'string' is not assignable to parameter of type 'number'.
src/app/Tournament/page.tsx(774,21): error TS2345: Argument of type 'string' is not assignable to parameter of type 'number'.
src/app/Tournament/page.tsx(806,23): error TS2345: Argument of type 'string' is not assignable to parameter of type 'number'.
src/app/Tournament/page.tsx(909,50): error TS2345: Argument of type 'number' is not assignable to parameter of type 'string'.
src/components/ui/pagination.tsx(5,10): error TS2305: Module '"@/components/ui/button"' has no exported member 'ButtonProps'.
src/components/ui/pagination.tsx(68,5): error TS2783: 'size' is specified more than once, so this usage will be overwritten.
src/components/ui/pagination.tsx(84,5): error TS2783: 'size' is specified more than once, so this usage will be overwritten.
src/lib/google-oauth-updated.ts(66,30): error TS2339: Property 'refresh_token' does not exist on type 'never'.
src/lib/google-oauth-updated.ts(72,60): error TS2339: Property 'refresh_token' does not exist on type 'never'.
src/lib/google-oauth-updated.ts(116,14): error TS2339: Property 'is_admin' does not exist on type 'never'.
src/lib/google-oauth-updated.ts(195,18): error TS2339: Property 'access_token' does not exist on type 'never'.
src/lib/google-oauth-updated.ts(201,31): error TS2339: Property 'token_expiry' does not exist on type 'never'.
src/lib/google-oauth-updated.ts(207,19): error TS2339: Property 'access_token' does not exist on type 'never'.
src/lib/google-oauth-updated.ts(226,17): error TS2339: Property 'access_token' does not exist on type 'never'.
src/lib/google-oauth-updated.ts(229,47): error TS2339: Property 'access_token' does not exist on type 'never'.
src/lib/google-oauth-updated.ts(238,15): error TS2345: Argument of type '{ access_token: null; refresh_token: null; token_expiry: null; authorized: boolean; updated_at: string; }' is not assignable to parameter of type 'never'.
src/lib/google-oauth.ts(137,20): error TS2339: Property 'is_admin' does not exist on type 'never'.
src/lib/google-oauth.ts(142,68): error TS2339: Property 'username' does not exist on type 'never'.
src/lib/google-oauth.ts(158,17): error TS2345: Argument of type '{ refresh_token?: string | undefined; google_id: string; google_email: string; access_token: string; token_expiry: Date | null; authorized: boolean; }' is not assignable to parameter of type 'never'.
src/lib/google-oauth.ts(173,10): error TS2769: No overload matches this call.
  Overload 1 of 2, '(values: never, options?: { count?: "exact" | "planned" | "estimated" | undefined; } | undefined): PostgrestFilterBuilder<{ PostgrestVersion: string; }, never, never, null, "admins", never, "POST">', gave the following error.
    Argument of type '{ refresh_token?: string | undefined; auth_id: string; google_id: string; google_email: string; access_token: string; token_expiry: Date | null; authorized: boolean; }' is not assignable to parameter of type 'never'.
  Overload 2 of 2, '(values: never[], options?: { count?: "exact" | "planned" | "estimated" | undefined; defaultToNull?: boolean | undefined; } | undefined): PostgrestFilterBuilder<{ PostgrestVersion: string; }, never, never, null, "admins", never, "POST">', gave the following error.
    Object literal may only specify known properties, and 'auth_id' does not exist in type 'never[]'.
src/lib/google-oauth.ts(241,18): error TS2339: Property 'access_token' does not exist on type 'never'.
src/lib/google-oauth.ts(246,85): error TS2339: Property 'access_token' does not exist on type 'never'.
src/lib/google-oauth.ts(249,32): error TS2339: Property 'token_expiry' does not exist on type 'never'.
src/lib/google-oauth.ts(251,21): error TS2339: Property 'access_token' does not exist on type 'never'.
src/lib/google-oauth.ts(255,17): error TS2339: Property 'refresh_token' does not exist on type 'never'.
src/lib/google-oauth.ts(261,55): error TS2339: Property 'refresh_token' does not exist on type 'never'.
src/lib/google-oauth.ts(273,14): error TS2339: Property 'google_id' does not exist on type 'never'.
src/lib/google-oauth.ts(274,14): error TS2339: Property 'google_email' does not exist on type 'never'.
src/lib/google-oauth.ts(276,41): error TS2339: Property 'refresh_token' does not exist on type 'never'.
src/lib/google-oauth.ts(304,29): error TS2339: Property 'refresh_token' does not exist on type 'never'.
src/lib/google-oauth.ts(345,34): error TS2339: Property 'token_expiry' does not exist on type 'never'.
src/lib/google-oauth.ts(346,46): error TS2339: Property 'auth_id' does not exist on type 'never'.
src/lib/google-oauth.ts(350,19): error TS2339: Property 'refresh_token' does not exist on type 'never'.
src/lib/google-oauth.ts(351,57): error TS2339: Property 'auth_id' does not exist on type 'never'.
src/lib/google-oauth.ts(356,55): error TS2339: Property 'auth_id' does not exist on type 'never'.
src/lib/google-oauth.ts(359,57): error TS2339: Property 'refresh_token' does not exist on type 'never'.
src/lib/google-oauth.ts(362,73): error TS2339: Property 'auth_id' does not exist on type 'never'.
src/lib/google-oauth.ts(369,16): error TS2339: Property 'auth_id' does not exist on type 'never'.
src/lib/google-oauth.ts(370,16): error TS2339: Property 'google_id' does not exist on type 'never'.
src/lib/google-oauth.ts(371,16): error TS2339: Property 'google_email' does not exist on type 'never'.
src/lib/google-oauth.ts(373,43): error TS2339: Property 'refresh_token' does not exist on type 'never'.
src/lib/google-oauth.ts(378,67): error TS2339: Property 'auth_id' does not exist on type 'never'.
src/lib/google-oauth.ts(381,63): error TS2339: Property 'auth_id' does not exist on type 'never'.
